{
  "db": {
    "//colorama:colorama_lib": {
      "srcs": {
        "colorama": [
          "colorama/__init__.py"
        ],
        "colorama.ansi": [
          "colorama/ansi.py"
        ]
      },
      "deps": [],
      "python_version": "__PY_VERSION__",
      "python_platform": "__PY_PLATFORM__",
      "buildfile_path": "//colorama/BUILD.bazel"
    },
    "//libs/common:common_utils": {
      "srcs": {
        "libs.common": [
          "libs/common/__init__.py"
        ],
        "libs.common.formatters": [
          "libs/common/formatters.py"
        ],
        "libs.common.parsers": [
          "libs/common/parsers.py"
        ]
      },
      "deps": [
        "//colorama:colorama_lib"
      ],
      "python_version": "__PY_VERSION__",
      "python_platform": "__PY_PLATFORM__",
      "buildfile_path": "//libs/common/BUILD.bazel"
    },
    "//click:click_lib": {
      "srcs": {
        "click": [
          "click/__init__.py"
        ],
        "click.core": [
          "click/core.py"
        ]
      },
      "deps": [
        "//colorama:colorama_lib"
      ],
      "python_version": "__PY_VERSION__",
      "python_platform": "__PY_PLATFORM__",
      "buildfile_path": "//click/BUILD.bazel"
    },
    "//my_project:core_lib": {
      "srcs": {
        "my_project": [
          "my_project/__init__.py"
        ],
        "my_project.app": [
          "my_project/app.py"
        ],
        "my_project.utils": [
          "my_project/utils/__init__.py"
        ],
        "my_project.utils.formatting": [
          "my_project/utils/formatting.py"
        ]
      },
      "deps": [
        "//click:click_lib",
        "//libs/common:common_utils"
      ],
      "python_version": "__PY_VERSION__",
      "python_platform": "__PY_PLATFORM__",
      "buildfile_path": "//my_project/BUILD.bazel"
    },
    "//my_project:main": {
      "srcs": {
        "main": [
          "my_project/main.py"
        ]
      },
      "deps": [
        "//my_project:core_lib"
      ],
      "python_version": "__PY_VERSION__",
      "python_platform": "__PY_PLATFORM__",
      "buildfile_path": "//my_project/BUILD.bazel"
    },
    "//services/reporting:reporting_lib": {
      "srcs": {
        "services.reporting": [
          "services/reporting/__init__.py"
        ],
        "services.reporting.generator": [
          "services/reporting/generator.py"
        ],
        "services.reporting.metrics": [
          "services/reporting/metrics.py"
        ]
      },
      "deps": [
        "//libs/common:common_utils"
      ],
      "python_version": "__PY_VERSION__",
      "python_platform": "__PY_PLATFORM__",
      "buildfile_path": "//services/reporting/BUILD.bazel"
    },
    "//plugins:analyzer": {
      "srcs": {
        "plugins": [
          "plugins/__init__.py"
        ],
        "plugins.analyzer": [
          "plugins/analyzer.py"
        ]
      },
      "deps": [
        "//services/reporting:reporting_lib"
      ],
      "python_version": "__PY_VERSION__",
      "python_platform": "__PY_PLATFORM__",
      "buildfile_path": "//plugins/BUILD.bazel"
    },
    "//scripts:run_report": {
      "srcs": {
        "run_report": [
          "scripts/run_report.py"
        ]
      },
      "deps": [
        "//click:click_lib",
        "//plugins:analyzer"
      ],
      "python_version": "__PY_VERSION__",
      "python_platform": "__PY_PLATFORM__",
      "buildfile_path": "//scripts/BUILD.bazel"
    },
    "//services/reporting:report_cli": {
      "srcs": {
        "report_cli": [
          "services/reporting/report_cli.py"
        ]
      },
      "deps": [
        "//services/reporting:reporting_lib",
        "//click:click_lib"
      ],
      "python_version": "__PY_VERSION__",
      "python_platform": "__PY_PLATFORM__",
      "buildfile_path": "//services/reporting/BUILD.bazel"
    }
  },
  "root": "__WORKSPACE_ROOT__"
}
